[codiux-labs.com/wp-pulse1/indexe300.html]
[backblue.gif]
[fade.gif]
[index.html]
[codiux-labs.com/wp-pulse1/wp-includes/css/dist/block-library/style.min6619.css]
[codiux-labs.com/wp-pulse1/feed/index.html]
[codiux-labs.com/wp-pulse1/comments/feed/index.html]
[codiux-labs.com/wp-pulse1/wp-content/plugins/contact-form-7/includes/css/stylesbdeb.css]
[codiux-labs.com/wp-pulse1/wp-content/themes/pulse/style6619.css]
[codiux-labs.com/wp-pulse1/wp-content/themes/pulse/css/bootstrap.min6619.css]
[codiux-labs.com/wp-pulse1/wp-content/themes/pulse/css/font-awesome.min6619.css]
[codiux-labs.com/wp-pulse1/wp-content/themes/pulse/css/normalize6619.css]
[codiux-labs.com/wp-pulse1/wp-content/themes/pulse/css/main6619.css]
[codiux-labs.com/wp-pulse1/wp-includes/js/jquery/jquery4a5f.js]
[codiux-labs.com/wp-pulse1/wp-includes/js/jquery/jquery-migrate.min330a.js]
[codiux-labs.com/wp-pulse1/xmlrpc0db0.php]
[codiux-labs.com/wp-pulse1/wp-json/index.html]
[codiux-labs.com/wp-pulse1/wp-includes/wlwmanifest.xml]
[codiux-labs.com/wp-pulse1/wp-json/oembed/1.0/embed85eb.json]
[codiux-labs.com/wp-pulse1/index.html]
[codiux-labs.com/wp-pulse1/wp-json/oembed/1.0/embed0fbc]
[codiux-labs.com/wp-pulse1/wp-content/uploads/2017/02/pdf-sample.pdf]
[codiux-labs.com/wp-pulse1/wp-content/uploads/2017/02/portrait1.jpg]
[codiux-labs.com/wp-pulse1/wp-content/uploads/2017/02/aboutcover.jpg]
[codiux-labs.com/wp-pulse1/wp-content/themes/pulse/images/gmaps/cd-icon-controller.svg]
[codiux-labs.com/wp-pulse1/wp-content/themes/pulse/images/map-icon.png]
[codiux-labs.com/wp-pulse1/blog/index.html]
[codiux-labs.com/wp-pulse1/wp-content/uploads/2017/02/galerie1.jpg]
[codiux-labs.com/wp-pulse1/wp-content/uploads/2017/02/port1-1024x682.jpg]
[codiux-labs.com/wp-pulse1/wp-content/uploads/2017/02/galerie6-1024x682.jpg]
[codiux-labs.com/wp-pulse1/wp-content/uploads/2017/02/galerie2.jpg]
[codiux-labs.com/wp-pulse1/wp-content/uploads/2017/02/galerie4-1024x682.jpg]
[codiux-labs.com/wp-pulse1/wp-content/uploads/2017/02/galerie5-1024x682.jpg]
[codiux-labs.com/wp-pulse1/wp-content/uploads/2017/02/DESIGN.jpg]
[codiux-labs.com/wp-pulse1/wp-content/uploads/2017/02/galerie2-1024x682.jpg]
[codiux-labs.com/wp-pulse1/wp-content/uploads/2017/02/watch1-1024x682.jpg]
[codiux-labs.com/wp-pulse1/wp-content/uploads/2017/02/works.jpg]
[codiux-labs.com/wp-pulse1/wp-content/uploads/2017/02/galerie1-1024x683.jpg]
[codiux-labs.com/wp-pulse1/wp-content/uploads/2017/02/aboutcover-1024x682.jpg]
[codiux-labs.com/wp-pulse1/wp-content/uploads/2017/02/port1.jpg]
[codiux-labs.com/wp-pulse1/wp-content/uploads/2017/02/galerie7.jpg]
[codiux-labs.com/wp-pulse1/wp-content/uploads/2017/02/galerie3-1024x682.jpg]
[codiux-labs.com/wp-pulse1/wp-content/uploads/2017/02/galerie6.jpg]
[codiux-labs.com/wp-pulse1/wp-content/uploads/2017/02/about-1024x680.jpg]
[codiux-labs.com/wp-pulse1/wp-content/uploads/2017/02/resume-1024x768.jpg]
[codiux-labs.com/wp-pulse1/wp-content/uploads/2017/02/galerie5.jpg]
[codiux-labs.com/wp-pulse1/wp-content/uploads/2017/02/service-1024x682.jpg]
[codiux-labs.com/wp-pulse1/wp-content/uploads/2017/02/team1.jpg]
[codiux-labs.com/wp-pulse1/wp-content/uploads/2017/02/team2.jpg]
[codiux-labs.com/wp-pulse1/wp-content/uploads/2017/02/team3.jpg]
[codiux-labs.com/wp-pulse1/wp-content/uploads/2017/02/watch1.jpg]
[codiux-labs.com/wp-pulse1/wp-content/uploads/2017/02/watch2-1024x682.jpg]
[codiux-labs.com/wp-pulse1/wp-content/uploads/2017/02/DESIGN-1024x683.jpg]
[codiux-labs.com/wp-pulse1/wp-content/uploads/2017/02/publication-1024x680.jpg]
[codiux-labs.com/wp-pulse1/wp-content/uploads/2017/02/watch2.jpg]
[codiux-labs.com/wp-pulse1/wp-content/uploads/2017/02/watch3-1024x683.jpg]
[codiux-labs.com/wp-pulse1/wp-content/uploads/2017/02/galerie4.jpg]
[codiux-labs.com/wp-pulse1/wp-content/plugins/siteorigin-panels/css/front-flex.min5d00.css]
[codiux-labs.com/wp-pulse1/wp-content/plugins/contact-form-7/includes/js/scriptsbdeb.js]
[codiux-labs.com/wp-pulse1/wp-content/themes/pulse/js/bootstrap.min11a8.js]
[codiux-labs.com/wp-pulse1/wp-content/themes/pulse/js/default08e0.js]
[codiux-labs.com/wp-pulse1/wp-content/themes/pulse/js/watch08e0.js]
[codiux-labs.com/wp-pulse1/wp-content/themes/pulse/js/main08e0.js]
[codiux-labs.com/wp-pulse1/wp-content/themes/pulse/js/navigation11a8.js]
[codiux-labs.com/wp-pulse1/wp-content/themes/pulse/js/skip-link-focus-fix08e0.js]
[codiux-labs.com/wp-pulse1/wp-includes/js/wp-embed.min6619.js]
[codiux-labs.com/wp-pulse1/indexe300.html]
[codiux-labs.com/wp-pulse1/xmlrpc.php]
[codiux-labs.com/wp-pulse1/wp-includes/css/dist/block-library/style.min6619.css]
[codiux-labs.com/wp-pulse1/wp-content/plugins/contact-form-7/images/ajax-loader.gif]
[codiux-labs.com/wp-pulse1/wp-content/plugins/contact-form-7/includes/css/stylesbdeb.css]
[codiux-labs.com/wp-pulse1/wp-content/themes/pulse/style6619.css]
[codiux-labs.com/wp-pulse1/wp-content/themes/pulse/css/bootstrap.min6619.css]
[codiux-labs.com/wp-pulse1/wp-content/themes/pulse/fonts/fontawesome-webfont93e3.eot]
[codiux-labs.com/wp-pulse1/wp-content/themes/pulse/fonts/fontawesome-webfontd41d.eot]
[codiux-labs.com/wp-pulse1/wp-content/themes/pulse/fonts/fontawesome-webfont93e3.woff]
[codiux-labs.com/wp-pulse1/wp-content/themes/pulse/fonts/fontawesome-webfont93e3.ttf]
[codiux-labs.com/wp-pulse1/wp-content/themes/pulse/css/font-awesome.min6619.css]
[codiux-labs.com/wp-pulse1/wp-content/themes/pulse/css/normalize6619.css]
[codiux-labs.com/wp-pulse1/wp-content/themes/pulse/css/main6619.css]
[codiux-labs.com/wp-pulse1/index.html]
[codiux-labs.com/wp-pulse1/wp-content/themes/pulse/fonts/fontawesome-webfont93e3.svg]
[codiux-labs.com/wp-pulse1/indexa2ce.html]
[codiux-labs.com/wp-pulse1/wp-login.html]
[codiux-labs.com/wp-pulse1/blog/index.html]
[codiux-labs.com/wp-pulse1/indexcf7d.html]
[codiux-labs.com/wp-pulse1/index361a.html]
[codiux-labs.com/wp-pulse1/index1315.html]
[codiux-labs.com/wp-pulse1/index01b2.html]
[codiux-labs.com/wp-pulse1/indexdd2b.html]
[codiux-labs.com/wp-pulse1/wp-login586a.html]
[codiux-labs.com/wp-pulse1/wp-admin/index.html]
[codiux-labs.com/wp-pulse1/indexc18c.html]
[codiux-labs.com/wp-pulse1/2017/02/12/sample-image-post-2/index.html]
[codiux-labs.com/wp-pulse1/2017/02/12/sample-audio-post/index.html]
[codiux-labs.com/wp-pulse1/wp-content/themes/pulse/images/gmaps/cd-icon-controller.svg]
[codiux-labs.com/wp-pulse1/2017/02/12/sample-video-post/index.html]
[codiux-labs.com/wp-pulse1/2017/02/12/sample-image-post-sticky-post/index.html]
[codiux-labs.com/wp-pulse1/.html]
[codiux-labs.com/wp-pulse1/2017/02/index.html]
[codiux-labs.com/wp-pulse1/-2.html]
[codiux-labs.com/wp-pulse1/category/design/index.html]
[codiux-labs.com/wp-pulse1/-3.html]
[codiux-labs.com/wp-pulse1/blog/page/2/index.html]
[codiux-labs.com/wp-pulse1/-4.html]
[codiux-labs.com/wp-pulse1/2017/02/12/sample-text-post-2/index.html]
[codiux-labs.com/wp-pulse1/-5.html]
[codiux-labs.com/wp-pulse1/category/identity/index.html]
[codiux-labs.com/wp-pulse1/-6.html]
[codiux-labs.com/wp-pulse1/-7.html]
[codiux-labs.com/wp-pulse1/-8.html]
[codiux-labs.com/wp-pulse1/-9.html]
[codiux-labs.com/wp-pulse1/-10.html]
[codiux-labs.com/wp-pulse1/-11.html]
[codiux-labs.com/wp-pulse1/-12.html]
[codiux-labs.com/wp-pulse1/-13.html]
[codiux-labs.com/wp-pulse1/-14.html]
[codiux-labs.com/wp-pulse1/-15.html]
[codiux-labs.com/wp-pulse1/-16.html]
[codiux-labs.com/wp-pulse1/-17.html]
[codiux-labs.com/wp-pulse1/-18.html]
[codiux-labs.com/wp-pulse1/-19.html]
[codiux-labs.com/wp-pulse1/wp-content/plugins/siteorigin-panels/css/front-flex.min5d00.css]
[codiux-labs.com/wp-pulse1/wp-content/themes/pulse/fonts/glyphicons-halflings-regular.html]
[codiux-labs.com/wp-pulse1/wp-content/themes/pulse/fonts/glyphicons-halflings-regulard41d.html]
[codiux-labs.com/wp-pulse1/wp-content/themes/pulse/fonts/glyphicons-halflings-regular-2.html]
[codiux-labs.com/wp-pulse1/wp-content/themes/pulse/fonts/glyphicons-halflings-regular-3.html]
[codiux-labs.com/wp-pulse1/wp-content/themes/pulse/fonts/glyphicons-halflings-regular-4.html]
[codiux-labs.com/wp-pulse1/wp-content/themes/pulse/fonts/fontawesome-webfont93e3.html]
[codiux-labs.com/wp-pulse1/category/nature/index.html]
[codiux-labs.com/wp-pulse1/wp-content/themes/pulse/fonts/fontawesome-webfont93e3.svg]
[codiux-labs.com/wp-pulse1/category/photography/index.html]
[codiux-labs.com/wp-pulse1/category/sport/index.html]
[codiux-labs.com/wp-pulse1/indexa2ce.html]
[codiux-labs.com/wp-pulse1/index01b2.html]
[codiux-labs.com/wp-pulse1/index1315.html]
[codiux-labs.com/wp-pulse1/indexcf7d.html]
[codiux-labs.com/wp-pulse1/index361a.html]
[codiux-labs.com/wp-pulse1/indexdd2b.html]
[codiux-labs.com/wp-pulse1/indexc18c.html]
[codiux-labs.com/wp-pulse1/wp-json/oembed/1.0/embed6f12.json]
[codiux-labs.com/wp-pulse1/2017/02/12/sample-image-post-sticky-post/feed/index.html]
[codiux-labs.com/wp-pulse1/wp-json/oembed/1.0/embede8d5]
[codiux-labs.com/wp-pulse1/wp-includes/js/comment-reply.min6619.js]
[codiux-labs.com/wp-pulse1/2017/02/12/sample-image-post-sticky-post/index.html]
[codiux-labs.com/wp-pulse1/tag/design/index.html]
[codiux-labs.com/wp-pulse1/wp-json/oembed/1.0/embed52e2.json]
[codiux-labs.com/wp-pulse1/tag/identity/index.html]
[codiux-labs.com/wp-pulse1/2017/02/12/sample-image-post-sticky-post/index3094.html]
[codiux-labs.com/wp-pulse1/2017/02/12/sample-image-post-sticky-post/index21b4.html]
[codiux-labs.com/wp-pulse1/tag/photography/index.html]
[codiux-labs.com/wp-pulse1/wp-json/oembed/1.0/embed50fa]
[codiux-labs.com/wp-pulse1/2017/02/12/sample-video-post/index.html]
[codiux-labs.com/wp-pulse1/2017/02/12/sample-video-post/feed/index.html]
[codiux-labs.com/wp-pulse1/wp-json/oembed/1.0/embed3a58.json]
[codiux-labs.com/wp-pulse1/tag/nature/index.html]
[codiux-labs.com/wp-pulse1/tag/sport/index.html]
[codiux-labs.com/wp-pulse1/2017/02/12/sample-audio-post/feed/index.html]
[codiux-labs.com/wp-pulse1/wp-json/oembed/1.0/embed5836]
[codiux-labs.com/wp-pulse1/2017/02/12/sample-audio-post/index.html]
[codiux-labs.com/wp-pulse1/wp-json/oembed/1.0/embedc460.json]
[codiux-labs.com/wp-pulse1/2017/02/12/sample-image-post-2/feed/index.html]
[codiux-labs.com/wp-pulse1/wp-json/oembed/1.0/embed8fbe]
[codiux-labs.com/wp-pulse1/2017/02/12/sample-image-post-2/index.html]
[codiux-labs.com/wp-pulse1/blog/page/2/index.html]
[codiux-labs.com/wp-pulse1/2017/02/12/sample-text-post/index.html]
[codiux-labs.com/wp-pulse1/2017/02/12/sample-image-post/index.html]
[codiux-labs.com/wp-pulse1/wp-json/oembed/1.0/embed30e3.json]
[codiux-labs.com/wp-pulse1/2017/02/12/sample-text-post-2/feed/index.html]
[codiux-labs.com/wp-pulse1/wp-json/oembed/1.0/embed4c7d]
[codiux-labs.com/wp-pulse1/2017/02/12/sample-text-post-2/index.html]
[codiux-labs.com/wp-pulse1/2017/02/index.html]
[codiux-labs.com/wp-pulse1/category/design/index.html]
[codiux-labs.com/wp-pulse1/category/identity/index.html]
[codiux-labs.com/wp-pulse1/category/nature/index.html]
[codiux-labs.com/wp-pulse1/category/nature/feed/index.html]
[codiux-labs.com/wp-pulse1/category/design/feed/index.html]
[codiux-labs.com/wp-pulse1/category/identity/feed/index.html]
[codiux-labs.com/wp-pulse1/2017/02/page/2/index.html]
[codiux-labs.com/wp-pulse1/category/photography/index.html]
[codiux-labs.com/wp-pulse1/category/sport/index.html]
[codiux-labs.com/wp-pulse1/wp-includes/css/dashicons.min6619.css]
[codiux-labs.com/wp-pulse1/wp-includes/css/buttons.min6619.css]
[codiux-labs.com/wp-pulse1/category/sport/feed/index.html]
[codiux-labs.com/wp-pulse1/category/photography/feed/index.html]
[codiux-labs.com/wp-pulse1/wp-admin/css/forms.min6619.css]
[codiux-labs.com/wp-pulse1/wp-admin/css/l10n.min6619.css]
[codiux-labs.com/wp-pulse1/wp-admin/css/login.min6619.css]
[codiux-labs.com/wp-pulse1/wp-loginc2b6.html]
[codiux-labs.com/wp-pulse1/wp-login.html]
[codiux-labs.com/wp-pulse1/wp-login586a.html]
[demo.codiux.com/wp-pulse1/wp-content/uploads/2017/02/favicon.png]
[codiux-labs.com/wp-pulse1/indexe887.html]
[codiux-labs.com/wp-pulse1/tag/design/index.html]
[codiux-labs.com/wp-pulse1/tag/identity/index.html]
[codiux-labs.com/wp-pulse1/tag/photography/index.html]
[codiux-labs.com/wp-pulse1/tag/design/page/2/index.html]
[codiux-labs.com/wp-pulse1/2017/02/12/sample-image-post-sticky-post/index3094.html]
[codiux-labs.com/wp-pulse1/tag/design/feed/index.html]
[codiux-labs.com/wp-pulse1/tag/identity/feed/index.html]
[codiux-labs.com/wp-pulse1/tag/photography/feed/index.html]
[codiux-labs.com/wp-pulse1/2017/02/12/sample-image-post-sticky-post/index21b4.html]
[codiux-labs.com/wp-pulse1/index5a24.html]
[codiux-labs.com/wp-pulse1/tag/nature/index.html]
[codiux-labs.com/wp-pulse1/tag/sport/index.html]
[codiux-labs.com/wp-pulse1/indexea0f.html]
[codiux-labs.com/wp-pulse1/indexc5eb.html]
[codiux-labs.com/wp-pulse1/tag/photography/page/2/index.html]
[codiux-labs.com/wp-pulse1/2017/02/12/sample-image-post/feed/index.html]
[codiux-labs.com/wp-pulse1/tag/nature/feed/index.html]
[codiux-labs.com/wp-pulse1/tag/sport/feed/index.html]
[codiux-labs.com/wp-pulse1/wp-json/oembed/1.0/embed48ba.json]
[codiux-labs.com/wp-pulse1/wp-json/oembed/1.0/embed1f38]
[codiux-labs.com/wp-pulse1/2017/02/12/sample-image-post/index.html]
[codiux-labs.com/wp-pulse1/wp-json/oembed/1.0/embedf2d1.json]
[codiux-labs.com/wp-pulse1/2017/02/12/sample-text-post/feed/index.html]
[codiux-labs.com/wp-pulse1/wp-json/oembed/1.0/embed8a6b]
[codiux-labs.com/wp-pulse1/2017/02/12/sample-text-post/index.html]
[codiux-labs.com/wp-pulse1/index3f5a.html]
[codiux-labs.com/wp-pulse1/2017/02/page/2/index.html]
[codiux-labs.com/wp-pulse1/wp-includes/fonts/dashicons2ce6.eot]
[codiux-labs.com/wp-pulse1/wp-includes/css/dashicons.min6619.css]
[codiux-labs.com/wp-pulse1/wp-includes/css/buttons.min6619.css]
[codiux-labs.com/wp-pulse1/wp-includes/fonts/dashicons2ce6.ttf]
[codiux-labs.com/wp-pulse1/wp-admin/images/loading.gif]
[codiux-labs.com/wp-pulse1/wp-admin/css/forms.min6619.css]
[codiux-labs.com/wp-pulse1/wp-admin/css/l10n.min6619.css]
[codiux-labs.com/wp-pulse1/wp-admin/images/w-logo-blue7a53.png]
[codiux-labs.com/wp-pulse1/wp-admin/images/wordpress-logo7d6b.svg]
[codiux-labs.com/wp-pulse1/wp-admin/css/login.min6619.css]
[codiux-labs.com/wp-pulse1/wp-loginc2b6.html]
[codiux-labs.com/wp-pulse1/wp-admin/&reauth=1.html]
[codiux-labs.com/wp-pulse1/tag/design/page/2/index.html]
[codiux-labs.com/wp-pulse1/tag/photography/page/2/index.html]
[codiux-labs.com/wp-pulse1/indexb6ad.html]
[codiux-labs.com/wp-pulse1/index6f72.html]
[codiux-labs.com/wp-pulse1/wp-admin/images/wordpress-logo7d6b.svg]
